ERROR: [error Syntax error]: Missing closing '}' for expression
     ╭──▶ test@1:9-1:20
     │
   1 │ "outer {"inner {x}"
     •         ┬──────────
     •         ╰╸ Missing closing '}' for expression
     •
     │ Hint: Add a closing brace to complete the interpolation
─────╯
