ERROR: [error Syntax error]: Missing closing '}' for expression
     ╭──▶ test@1:10-1:11
     │
   1 │ "value: {x
     •          ┬
     •          ╰╸ Missing closing '}' for expression
     •
     │ Hint: Add a closing brace to complete the interpolation
─────╯
