ERROR: [error Syntax error]: Octal escape sequence out of range
     ╭──▶ test@1:15-1:18
     │
   1 │ f"value: {x} \777"
     •               ┬── 
     •               ╰╸ Octal escape sequence out of range
     •
     │ Note: Octal values must be between \000 and \377
─────╯
