ERROR: [error Parse error]: unexpected "ra"
                     expecting "r"", "r"""", "r'", "r'''", ';', call arguments, slice/index expression, comma, end of line, if clause, or operator

     ╭──▶ test.act@1:12-1:13
     │
   1 │ a = r""""""raw test""""""
     •            ┬ 
     •            ╰╸ unexpected "ra"
     •               expecting "r"", "r"""", "r'", "r'''", ';', call arguments, slice/index expression, comma, end of line, if clause, or operator
     •               
─────╯
