ERROR: [error Parse error]: unexpected "te"
                     expecting """"", "'''", '"', ''', ';', call arguments, slice/index expression, comma, end of line, if clause, or operator

     ╭──▶ test.act@1:11-1:12
     │
   1 │ a = ''''''test''''''
     •           ┬ 
     •           ╰╸ unexpected "te"
     •              expecting """"", "'''", '"', ''', ';', call arguments, slice/index expression, comma, end of line, if clause, or operator
     •              
─────╯
