ERROR: [error Syntax error]: Missing closing '}' for expression
     ╭──▶ test@1:10-1:14
     │
   1 │ "slice: {arr 1:3]}"
     •          ┬─── 
     •          ╰╸ Missing closing '}' for expression
     •
     │ Hint: Add a closing brace to complete the interpolation
─────╯
