ERROR: [error Syntax error]: Missing closing "
     ╭──▶ test.act@1:6-1:12
     │
   1 │ a = b"hello
     •      ┬─────
     •      ╰╸ Missing closing "
     •
     │ Hint: Add a closing quote (") to match the opening one
─────╯
