ERROR: [error Syntax error]: Incomplete universal character name
     ╭──▶ test@1:4-1:4
     │
   1 │ "\u"
     •     
     •    ╰╸ Incomplete universal character name
     •
     │ Note: Expected 4 hex digits, found 0
─────╯
