ERROR: [error Syntax error]: Incomplete universal character name (4 hex digits needed)
     ╭──▶ test@1:11-1:14
     │
   1 │ f"Hello \u123"
     •           ┬── 
     •           ╰╸ Incomplete universal character name (4 hex digits needed)
─────╯
