ERROR: [error Syntax error]: Incomplete universal character name (8 hex digits needed)
     ╭──▶ test@1:4-1:4
     │
   1 │ "\U"
     •     
     •    ╰╸ Incomplete universal character name (8 hex digits needed)
─────╯
