ERROR: [error Syntax error]: Unknown escape sequence
     ╭──▶ test@1:4-1:4
     │
   1 │ "\z"
     •     
     •    ╰╸ Unknown escape sequence
     •
     │ Note: Valid escape sequences: \\, \", \', \n, \r, \t, \a, \b, \f, \v, \xHH, \ooo, \uHHHH, \UHHHHHHHH
─────╯
