Building file test/syntaxerrors/err13.act using temporary scratch directory
[error Parse error]: unexpected '2'
                     expecting "for", ']', call arguments, slice/index expression, comma, if clause, or operator

     +--> test/syntaxerrors/err13.act@3:15-3:16
     |
   3 |     return [1 2 3]
     :               ^ 
     :               `- unexpected '2'
     :                  expecting "for", ']', call arguments, slice/index expression, comma, if clause, or operator
     :                  
-----+
