Building file test/syntaxerrors/err14.act using temporary scratch directory
[error Parse error]: unexpected "= "
                     expecting ';', call arguments, slice/index expression, comma, end of line, if clause, or operator

     +--> test/syntaxerrors/err14.act@3:11-3:12
     |
   3 |     1 + 2 = 3
     :           ^ 
     :           `- unexpected "= "
     :              expecting ';', call arguments, slice/index expression, comma, end of line, if clause, or operator
     :              
-----+
