Building file test/syntaxerrors/err26.act using temporary scratch directory
[error Parse error]: unexpected "y "
                     expecting ';', call arguments, slice/index expression, comma, end of line, if clause, or operator

     +--> test/syntaxerrors/err26.act@3:11-3:12
     |
   3 |     x = 1 y = 2
     :           ^ 
     :           `- unexpected "y "
     :              expecting ';', call arguments, slice/index expression, comma, end of line, if clause, or operator
     :              
-----+
