Building file test/syntaxerrors/err38.act using temporary scratch directory
[error Parse error]: unexpected 'G'
                     expecting hexadecimal integer

     +--> test/syntaxerrors/err38.act@3:14-3:15
     |
   3 |     return 0xGHI
     :              ^ 
     :              `- unexpected 'G'
     :                 expecting hexadecimal integer
     :                 
-----+
