[error Type error]: Attribute 'y' is not initialized in __init__
     +--> uninit_return_early.act@4:5-4:6
     |
   4 |     y: int
     :     ^ 
     :     `- Attribute 'y' is not initialized in __init__
-----+
