Building file test/typeerrors/actor_self_reserved_assignment.act using temporary scratch directory
  Compiling actor_self_reserved_assignment.act with Debug
[error]: 'self' cannot be used as a parameter name in actors.
     +--> actor_self_reserved_assignment.act@2:5-2:9
     |
   2 |     self, x = 1, 2
     :     ^--- 
     :     `- 'self' cannot be used as a parameter name in actors.
     :
     | Hint: In actors, 'self' is reserved and implicitly available as a reference to the own actor that can be passed to other actors.
-----+
