Building file test/typeerrors/actor_self_reserved_method_param.act using temporary scratch directory
  Compiling actor_self_reserved_method_param.act with Debug
[error]: 'self' cannot be used as a parameter name in actors.
     +--> actor_self_reserved_method_param.act@2:28-2:32
     |
   2 |     def test_method(first, self):
     :                            ^--- 
     :                            `- 'self' cannot be used as a parameter name in actors.
     :
     | Hint: In actors, 'self' is reserved and implicitly available as a reference to the own actor that can be passed to other actors.
-----+
