Building file test/typeerrors/funargs4.act
  Compiling funargs4.act for development
[error]: Unexpected keyword argument
     +--> funargs4@4:9-4:10
     |
   4 | a = f(4,x=3,y=4)
     :         ^ 
     :         `- Unexpected keyword argument 'x'
-----+
