Building file test/typeerrors/funargs2.act using temporary scratch directory
  Compiling funargs2.act for development
[error]: Unexpected keyword argument
     +--> funargs2@4:9-4:10
     |
   4 | a = f(3,z=3,y=3)
     :         ^ 
     :         `- Unexpected keyword argument 'z'
-----+
